
Memory Configuration

Name             Origin             Length             Attributes
SRAM             0x0000000020000000 0x0000000000008000 xr
*default*        0x0000000000000000 0xffffffffffffffff

Linker script and memory map

LOAD ./build/obj/_unit.o
LOAD ./build/obj/sine.o

.hooks          0x0000000020000000       0x40
                0x0000000020000000                . = ALIGN (0x4)
                0x0000000020000000                _hooks_start = .
 *(.hooks)
 .hooks         0x0000000020000000       0x40 ./build/obj/_unit.o
                0x0000000020000040                . = ALIGN (0x4)
                0x0000000020000040                _hooks_end = .

.init_array     0x0000000020000040        0x0
                0x0000000020000040                . = ALIGN (0x4)
                0x0000000020000040                PROVIDE (__init_array_start, .)
 *(SORT(.init_array.*))
 *(.init_array*)
                0x0000000020000040                . = ALIGN (0x4)
                0x0000000020000040                PROVIDE (__init_array_end, .)

.text           0x0000000020000040      0x4c4
                0x0000000020000040                . = ALIGN (0x4)
                0x0000000020000040                _text_start = .
 *(.text)
 .text          0x0000000020000040       0x60 ./build/obj/_unit.o
                0x0000000020000042                _hook_mute
                0x0000000020000044                _hook_value
                0x000000002000004e                _entry
 .text          0x00000000200000a0      0x464 ./build/obj/sine.o
                0x00000000200000a0                _hook_init
                0x00000000200000cc                _hook_cycle
                0x0000000020000370                _hook_on
                0x0000000020000380                _hook_off
                0x0000000020000382                _hook_param
 *(.text.*)
 *(.glue_7)
 .glue_7        0x0000000020000504        0x0 linker stubs
 *(.glue_7t)
 .glue_7t       0x0000000020000504        0x0 linker stubs
 *(.gcc*)
                0x0000000020000504                . = ALIGN (0x4)
                0x0000000020000504                _text_end = .

.vfp11_veneer   0x0000000020000504        0x0
 .vfp11_veneer  0x0000000020000504        0x0 linker stubs

.v4_bx          0x0000000020000504        0x0
 .v4_bx         0x0000000020000504        0x0 linker stubs

.iplt           0x0000000020000504        0x0
 .iplt          0x0000000020000504        0x0 ./build/obj/_unit.o

.rel.dyn        0x0000000020000504        0x0
 .rel.iplt      0x0000000020000504        0x0 ./build/obj/_unit.o

.rodata         0x0000000020000504        0x0
                0x0000000020000504                . = ALIGN (0x4)
                0x0000000020000504                _rodata_start = .
 *(.rodata)
 *(.rodata.*)
                0x0000000020000504                . = ALIGN (0x4)
                0x0000000020000504                _rodata_end = .

.data           0x0000000020000508        0x0
                0x0000000020000508                . = ALIGN (0x8)
                0x0000000020000508                _data_start = .
 *(.data)
 .data          0x0000000020000508        0x0 ./build/obj/_unit.o
 .data          0x0000000020000508        0x0 ./build/obj/sine.o
 *(.data.*)
                0x0000000020000508                . = ALIGN (0x8)
                0x0000000020000508                _data_end = .

.igot.plt       0x0000000020000508        0x0
 .igot.plt      0x0000000020000508        0x0 ./build/obj/_unit.o

.bss            0x0000000020000508       0x34
                0x0000000020000508                . = ALIGN (0x4)
                0x0000000020000508                _bss_start = .
 *(.bss)
 .bss           0x0000000020000508        0x0 ./build/obj/_unit.o
 .bss           0x0000000020000508       0x34 ./build/obj/sine.o
 *(.bss.*)
 *(COMMON)
                0x000000002000053c                . = ALIGN (0x4)
                0x000000002000053c                _bss_end = .

.ARM.extab      0x000000002000053c        0x0
                0x000000002000053c                . = ALIGN (0x4)
                0x000000002000053c                __extab_start = .
 *(.ARM.extab* .gnu.linkonce.armextab.*)
                0x000000002000053c                . = ALIGN (0x4)
                0x000000002000053c                __extab_end = .

.ARM.exidx      0x000000002000053c        0x0
                0x000000002000053c                __exidx_start = .
 *(.ARM.exidx* .gnu.linkonce.armexidx.*)
                0x000000002000053c                __exidx_end = .

.eh_frame_hdr   0x000000002000053c        0x0
                0x000000002000053c                . = ALIGN (0x4)
                0x000000002000053c                _eh_frame_hdr_start = .
 *(.eh_frame_hdr)
                0x000000002000053c                . = ALIGN (0x4)
                0x000000002000053c                _eh_frame_hdr_end = .

.eh_frame       0x000000002000053c        0x0
                0x000000002000053c                . = ALIGN (0x4)
                0x000000002000053c                _eh_frame_start = .
 *(.eh_frame)
                0x000000002000053c                . = ALIGN (0x4)
                0x000000002000053c                _eh_frame_end = .
LOAD ./ld/osc_api.syms
                0x000000000800f000                k_osc_api_version = 0x800f000
                0x000000000800f004                k_osc_api_platform = 0x800f004
                0x000000000800f100                midi_to_hz_lut_f = 0x800f100
                0x000000000800f360                sqrtm2log_lut_f = 0x800f360
                0x000000000800f764                tanpi_lut_f = 0x800f764
                0x000000000800fb68                log_lut_f = 0x800fb68
                0x000000000800ff6c                bitres_lut_f = 0x800ff6c
                0x0000000008010170                wt_par_lut_f = 0x8010170
                0x0000000008010f8c                wt_par_notes = 0x8010f8c
                0x0000000008010f94                wt_sqr_lut_f = 0x8010f94
                0x0000000008011db0                wt_sqr_notes = 0x8011db0
                0x0000000008011db8                wt_saw_lut_f = 0x8011db8
                0x0000000008012bd4                wt_saw_notes = 0x8012bd4
                0x0000000008012bdc                wt_sine_lut_f = 0x8012bdc
                0x0000000008012de0                schetzen_lut_f = 0x8012de0
                0x0000000008012fe4                cubicsat_lut_f = 0x8012fe4
                0x00000000080131e8                wavesA = 0x80131e8
                0x000000000801546c                wavesB = 0x801546c
                0x00000000080174ec                wavesC = 0x80174ec
                0x000000000801915c                wavesD = 0x801915c
                0x000000000801abc4                wavesE = 0x801abc4
                0x000000000801ca3c                wavesF = 0x801ca3c
                0x000000000801eabc                _osc_mcu_hash = 0x801eabc
                0x000000000801eac8                _osc_bl_saw_idx = 0x801eac8
                0x000000000801ebb0                _osc_bl_sqr_idx = 0x801ebb0
                0x000000000801ec98                _osc_bl_par_idx = 0x801ec98
                0x000000000801ed80                _osc_rand = 0x801ed80
                0x000000000801edb8                _osc_white = 0x801edb8
LOAD /Users/kei/Documents/Dev/korg/logue-sdk/tools/gcc/gcc-arm-none-eabi-5_4-2016q3/bin/../lib/gcc/arm-none-eabi/5.4.1/../../../../arm-none-eabi/lib/armv7e-m/fpu/libm.a
START GROUP
LOAD /Users/kei/Documents/Dev/korg/logue-sdk/tools/gcc/gcc-arm-none-eabi-5_4-2016q3/bin/../lib/gcc/arm-none-eabi/5.4.1/armv7e-m/fpu/libgcc.a
LOAD /Users/kei/Documents/Dev/korg/logue-sdk/tools/gcc/gcc-arm-none-eabi-5_4-2016q3/bin/../lib/gcc/arm-none-eabi/5.4.1/../../../../arm-none-eabi/lib/armv7e-m/fpu/libg.a
LOAD /Users/kei/Documents/Dev/korg/logue-sdk/tools/gcc/gcc-arm-none-eabi-5_4-2016q3/bin/../lib/gcc/arm-none-eabi/5.4.1/../../../../arm-none-eabi/lib/armv7e-m/fpu/libc.a
END GROUP
OUTPUT(build/simple_fm.elf elf32-littlearm)

.debug_info     0x0000000000000000     0x1556
 .debug_info    0x0000000000000000      0x6a4 ./build/obj/_unit.o
 .debug_info    0x00000000000006a4      0xeb2 ./build/obj/sine.o

.debug_abbrev   0x0000000000000000      0x472
 .debug_abbrev  0x0000000000000000      0x20e ./build/obj/_unit.o
 .debug_abbrev  0x000000000000020e      0x264 ./build/obj/sine.o

.debug_loc      0x0000000000000000      0xeb3
 .debug_loc     0x0000000000000000       0xb9 ./build/obj/_unit.o
 .debug_loc     0x00000000000000b9      0xdfa ./build/obj/sine.o

.debug_aranges  0x0000000000000000       0x40
 .debug_aranges
                0x0000000000000000       0x20 ./build/obj/_unit.o
 .debug_aranges
                0x0000000000000020       0x20 ./build/obj/sine.o

.debug_line     0x0000000000000000      0x5ce
 .debug_line    0x0000000000000000      0x206 ./build/obj/_unit.o
 .debug_line    0x0000000000000206      0x3c8 ./build/obj/sine.o

.debug_str      0x0000000000000000      0x908
 .debug_str     0x0000000000000000      0x5e6 ./build/obj/_unit.o
                                        0x668 (size before relaxing)
 .debug_str     0x00000000000005e6      0x322 ./build/obj/sine.o
                                        0x625 (size before relaxing)

.comment        0x0000000000000000       0x6e
 .comment       0x0000000000000000       0x6e ./build/obj/_unit.o
                                         0x6f (size before relaxing)
 .comment       0x000000000000006e       0x6f ./build/obj/sine.o

.ARM.attributes
                0x0000000000000000       0x39
 .ARM.attributes
                0x0000000000000000       0x39 ./build/obj/_unit.o
 .ARM.attributes
                0x0000000000000039       0x39 ./build/obj/sine.o

.debug_frame    0x0000000000000000      0x140
 .debug_frame   0x0000000000000000       0xa8 ./build/obj/_unit.o
 .debug_frame   0x00000000000000a8       0x98 ./build/obj/sine.o

.debug_ranges   0x0000000000000000      0x250
 .debug_ranges  0x0000000000000000      0x250 ./build/obj/sine.o

Cross Reference Table

Symbol                                            File
__init_array_end                                  ./build/obj/_unit.o
__init_array_start                                ./build/obj/_unit.o
_bss_end                                          ./build/obj/_unit.o
_bss_start                                        ./build/obj/_unit.o
_entry                                            ./build/obj/_unit.o
_hook_cycle                                       ./build/obj/sine.o
                                                  ./build/obj/_unit.o
_hook_init                                        ./build/obj/sine.o
                                                  ./build/obj/_unit.o
_hook_mute                                        ./build/obj/_unit.o
_hook_off                                         ./build/obj/sine.o
                                                  ./build/obj/_unit.o
_hook_on                                          ./build/obj/sine.o
                                                  ./build/obj/_unit.o
_hook_param                                       ./build/obj/sine.o
                                                  ./build/obj/_unit.o
_hook_value                                       ./build/obj/_unit.o
midi_to_hz_lut_f                                  ./build/obj/sine.o
wt_sine_lut_f                                     ./build/obj/sine.o
